classifier file sha256 c921735e6e4d3669ae3edba3c9063afd7e42cb8446d106d6fda7af9c0b7e0f41
Filings coded: 1514/1514; Item 5.02 section found: 1508; labels printed: 356
  filings with exec_departure: 441
  filings with ceo_departure: 107
  filings with director_departure: 258
  filings with appointment: 329
  filings with election: 399
  action (filing level): action; departure            674; compensation only    345; election             281; appointment          156; other                 58

Ruling (1) merge: 1072 departure mentions -> 742 departure events (exec 438, director 304); 81 events merge >1 filing (88 filings folded into an earlier disclosure); unmergeable (no name) mentions: 53
Spot-check of merged events (random 25 of the multi-filing events, seed 7): cik | group | key | persons | accessions
  1283699 | exec | legere | John J. Legere | John Legere | 0001193125-19-294093;0001193125-20-093622;0001193125-20-119230
  1001082 | exec | carlson | Erik Carlson | Mr. Carlson | 0001104659-23-088620;0001104659-23-114464;0001104659-23-116755
  1283699 | exec | carey | David Carey | 0001193125-20-041926;0001193125-20-071678;0001193125-20-109354
  708818 | director | malone | James C. Malone | 0001564590-21-044938;0001564590-21-044962
  1091667 | exec | apodaca | Steve Apodaca | 0001091667-12-000100;0001091667-12-000122
  101830 | exec | claure | Marcelo Claure | 0000101830-18-000003;0000101830-18-000029
  773840 | director | adamczyk | Mr. Adamczyk | 0000773840-24-000006;0001193125-23-069598
  277135 | exec | ryan | James T. Ryan | 0000277135-17-000028;0001104659-16-137921
  1060391 | exec | slager | Donald W. Slager | 0001060391-21-000027;0001193125-21-100584
  27996 | exec | schram | Lee Schram | 0001140361-18-019659;0001140361-18-042450
  1048911 | exec | duncan | Douglas G. Duncan | 0000950123-09-044728;0000950123-09-056728
  101830 | exec | elfman | Steven L. Elfman | 0000101830-14-000021;0000101830-14-000049
  1632127 | exec | coyle | Kevin P. Coyle | 0001437749-18-006058;0001437749-18-012969
  796343 | exec | rencher | Brad Rencher | 0000796343-19-000008;0000796343-19-000024
  1136893 | director | hawkins | Mark J. Hawkins | 0001136893-21-000145;0001136893-21-000196
  1326160 | director | rogers | James E. Rogers | Jim Rogers | 0001104659-12-080906;0001104659-14-000076
  718877 | director | lévy | Bernard Lévy | 0001104659-12-047906;0001104659-12-060277
  732712 | exec | mead | Daniel S. Mead | 0001193125-15-051424;0001193125-16-617604
  728535 | exec | matthews | Terrance D. Matthews | Terrence D. Matthews | 0001437749-19-023851;0001437749-20-002187
  1669779 | exec | ward | Tamara Ward | 0001104659-23-003913;0001558370-22-018128
  1501585 | exec | petters | Michael Petters | 0001193125-22-023552;0001193125-22-065623;0001193125-22-309155
  1091667 | exec | quigley | Robert A. Quigley | 0001091667-08-000129;0001091667-08-000143
  1770450 | exec | smee | Joanne Collins Smee | 0001193125-24-003451;0001193125-24-007505
  732712 | exec | mcadam | Lowell C. McAdam | Lowell McAdam | 0001193125-17-303383;0001193125-18-187324
  1137789 | exec | brace | Philip G. Brace | 0001193125-17-192960;0001193125-17-234440

C4 crosswalk:
               sample anchor  window   N  any_502_treated  exec_departure_treated  ceo_departure_treated  director_departure_treated  v3_any502_treated  any_502_control  exec_departure_control  ceo_departure_control  director_departure_control  v3_any502_control  any502_not_exec_events  any502_events  bd_any502_vs_v3_mismatch
            scope 341     rd      30 412           0.2385                  0.0367                 0.0000                      0.0734             0.2385           0.1386                  0.0429                 0.0033                      0.0198             0.1386                      51             68                       NaN
            scope 341     rd      90 412           0.5138                  0.1009                 0.0275                      0.1651             0.5505           0.4257                  0.1452                 0.0264                      0.0825             0.3828                     130            185                       NaN
            scope 341     rd     180 412           0.7523                  0.3028                 0.0734                      0.1927             0.7615           0.6700                  0.2508                 0.0792                      0.2013             0.6403                     176            285                       NaN
            scope 341     bd      30 412           0.2385                  0.0550                 0.0000                      0.0459             0.2385           0.1485                  0.0561                 0.0132                      0.0231             0.1386                      48             71                       3.0
            scope 341     bd      90 412           0.5505                  0.1284                 0.0183                      0.1835             0.5505           0.4059                  0.1386                 0.0231                      0.0957             0.3828                     127            183                       7.0
            scope 341     bd     180 412           0.7615                  0.2294                 0.0275                      0.2294             0.7615           0.6865                  0.2376                 0.0594                      0.1914             0.6403                     194            291                      14.0
Q1 Essay 3 sample 340     rd      30 411           0.2407                  0.0370                 0.0000                      0.0741             0.2315           0.1386                  0.0429                 0.0033                      0.0198             0.1386                      51             68                       NaN
Q1 Essay 3 sample 340     rd      90 411           0.5185                  0.1019                 0.0278                      0.1667             0.5463           0.4257                  0.1452                 0.0264                      0.0825             0.3828                     130            185                       NaN
Q1 Essay 3 sample 340     rd     180 411           0.7500                  0.3056                 0.0741                      0.1944             0.7593           0.6700                  0.2508                 0.0792                      0.2013             0.6403                     175            284                       NaN
Q1 Essay 3 sample 340     bd      30 411           0.2315                  0.0556                 0.0000                      0.0463             0.2315           0.1485                  0.0561                 0.0132                      0.0231             0.1386                      47             70                       3.0
Q1 Essay 3 sample 340     bd      90 411           0.5463                  0.1204                 0.0185                      0.1852             0.5463           0.4059                  0.1386                 0.0231                      0.0957             0.3828                     127            182                       7.0
Q1 Essay 3 sample 340     bd     180 411           0.7593                  0.2222                 0.0278                      0.2315             0.7593           0.6865                  0.2376                 0.0594                      0.1914             0.6403                     194            290                      14.0
