
====================================================================================================
F1 — PRIMARY: LPM, notification anchor (N=405; treated 109; parent CIKs 119, treated parent CIKs 13)
====================================================================================================
  30d: coef +0.0040 | HC3 p 0.8764 | CV1 p 0.8730 | CV3 SE 0.0334 p 0.9061 CI [-0.0623, +0.0702] | WCR p 0.8889 CI [-0.0553, +0.0578] | G 119 G1 13 G* 24.5 CV 2.328 | MDE80 0.0944 | means T 0.037 C 0.044
  90d: coef -0.0410 | HC3 p 0.3445 | CV1 p 0.4128 | CV3 SE 0.0791 p 0.6053 CI [-0.1976, +0.1156] | WCR p 0.5136 CI [-0.1596, +0.0805] | G 119 G1 13 G* 24.5 CV 2.328 | MDE80 0.2234 | means T 0.101 C 0.145
  180d: coef +0.0233 | HC3 p 0.7034 | CV1 p 0.7668 | CV3 SE 0.0996 p 0.8159 CI [-0.1740, +0.2206] | WCR p 0.7901 CI [-0.1576, +0.2011] | G 119 G1 13 G* 24.5 CV 2.328 | MDE80 0.2815 | means T 0.303 C 0.247
  Logit AME (cluster-robust, corroboration): 30d +0.0070 (SE 0.0311, p 0.8225); 90d -0.0420 (SE 0.0468, p 0.3691); 180d +0.0197 (SE 0.0775, p 0.7993)

====================================================================================================
F4 — PLACEBO: executive departure in (t0 - 180d, t0], primary specification
====================================================================================================
  coef -0.0862 | HC3 p 0.1244 | CV3 p 0.3116 CI [-0.2543, +0.0818] | WCR p 0.2308 CI [-0.2324, +0.0592] | means T 0.229 C 0.236

====================================================================================================
F2 — baseline executive-departure rate [t0 - 730d, t0 - 181d], per year
====================================================================================================
  group   n  mean_rate_py     sd  median    p75    max  share_zero  mean_count
treated 109        1.0228 0.8919  0.6636 1.3273 3.9818      0.2385       1.541
control 296        0.9349 1.0550  0.6636 1.3273 6.6364      0.3547       1.409

====================================================================================================
F3 — SENSITIVITIES (one row per window; CV3 inference, WCR p with B = 9,999)
====================================================================================================
  Audit recall (exec, primary): treated 0.842 [0.604, 0.966], control 0.750 [0.476, 0.927]
  SIC2 cells containing treated events: SIC 48: 104 treated / 40 control; SIC 73: 5 treated / 141 control
 window                                                                            sensitivity   n    coef  se_cv3  p_cv3  ci_cv3_lo  ci_cv3_hi  p_wcr
     30                                                                year FE (reported year) 405  0.0078  0.0302 0.7960    -0.0520     0.0677 0.7440
     30                                                                       two-digit SIC FE 405  0.0395  0.0341 0.2485    -0.0279     0.1069 0.1551
     30                                                                     breach_date anchor 405 -0.0208  0.0395 0.5997    -0.0990     0.0574 0.5540
     30                                                     excluding pre-announced departures 405  0.0171  0.0303 0.5720    -0.0428     0.0771 0.5269
     30                                                      excluding the F2 baseline control 405  0.0038  0.0317 0.9054    -0.0589     0.0665 0.8933
     30                                                         restatement-dated outcome (rs) 405  0.0342  0.0589 0.5620    -0.0823     0.1508 0.6665
     30                         recall-corrected, audit point estimates (r_T=0.842, r_C=0.750) 405  0.0007  0.0430 0.9864    -0.0844     0.0859 0.9837
     30 recall-corrected, treated recall at CI low / control at CI high (r_T=0.604, r_C=0.927) 405  0.0222  0.0437 0.6126    -0.0644     0.1088 0.5737
     30 recall-corrected, treated recall at CI high / control at CI low (r_T=0.966, r_C=0.476) 405 -0.0248  0.0611 0.6850    -0.1457     0.0961 0.6331
     90                                                                year FE (reported year) 405 -0.0165  0.0705 0.8150    -0.1562     0.1231 0.7504
     90                                                                       two-digit SIC FE 405  0.0417  0.0788 0.5974    -0.1143     0.1977 0.4839
     90                                                                     breach_date anchor 405 -0.0717  0.0679 0.2934    -0.2062     0.0628 0.2216
     90                                                     excluding pre-announced departures 405 -0.0046  0.0667 0.9450    -0.1367     0.1275 0.9290
     90                                                      excluding the F2 baseline control 405 -0.0370  0.0800 0.6446    -0.1955     0.1215 0.6052
     90                                                         restatement-dated outcome (rs) 405 -0.0107  0.0966 0.9119    -0.2020     0.1806 0.8938
     90                         recall-corrected, audit point estimates (r_T=0.842, r_C=0.750) 405 -0.0682  0.1034 0.5107    -0.2731     0.1366 0.4043
     90 recall-corrected, treated recall at CI low / control at CI high (r_T=0.604, r_C=0.927) 405  0.0096  0.0961 0.9208    -0.1808     0.1999 0.9019
     90 recall-corrected, treated recall at CI high / control at CI low (r_T=0.966, r_C=0.476) 405 -0.1854  0.1552 0.2346    -0.4928     0.1219 0.1249
    180                                                                year FE (reported year) 405  0.0557  0.0861 0.5187    -0.1147     0.2262 0.4605
    180                                                                       two-digit SIC FE 405  0.1109  0.1389 0.4263    -0.1642     0.3859 0.3952
    180                                                                     breach_date anchor 405 -0.0506  0.1058 0.6333    -0.2602     0.1589 0.5924
    180                                                     excluding pre-announced departures 405  0.0564  0.1004 0.5757    -0.1425     0.2553 0.5446
    180                                                      excluding the F2 baseline control 405  0.0226  0.0975 0.8173    -0.1705     0.2156 0.8015
    180                                                         restatement-dated outcome (rs) 405  0.0030  0.1480 0.9840    -0.2901     0.2960 0.9837
    180                         recall-corrected, audit point estimates (r_T=0.842, r_C=0.750) 405 -0.0103  0.1249 0.9347    -0.2576     0.2371 0.9267
    180 recall-corrected, treated recall at CI low / control at CI high (r_T=0.604, r_C=0.927) 405  0.1883  0.1423 0.1883    -0.0935     0.4701 0.1676
    180 recall-corrected, treated recall at CI high / control at CI low (r_T=0.966, r_C=0.476) 405 -0.2527  0.1584 0.1132    -0.5663     0.0609 0.0706
  row_type: 6 rows are BOUNDING EXERCISES (recall at opposite CI endpoints), not estimates. hc3_status: HC3 is DISQUALIFIED in every row (e.g. the 180d treated-low/control-high bound has p_hc3 0.030; its CV3 p is the valid one).

  Leave-one-parent-CIK-out (from the CV3 jackknife):
  30d: full +0.0040; range [-0.0164, +0.0200]; sign flips 3/119; without T-Mobile -0.0164; without Sprint -0.0025; largest move: deleting 1283699 -> -0.0164
  90d: full -0.0410; range [-0.0687, +0.0204]; sign flips 1/119; without T-Mobile -0.0687; without Sprint -0.0424; largest move: deleting 1136893 -> +0.0204
  180d: full +0.0233; range [-0.0349, +0.0623]; sign flips 1/119; without T-Mobile -0.0349; without Sprint +0.0166; largest move: deleting 1283699 -> -0.0349

====================================================================================================
F5 — CEO-only departures; F6 — director-only departures (counts)
====================================================================================================
 window  treated_events  control_events  treated_n  control_n  estimated                                                          reason
     30               0               1        109        296      False fewer than 10 CEO departures in at least one group; counts only
     90               3               8        109        296      False fewer than 10 CEO departures in at least one group; counts only
    180               8              24        109        296      False fewer than 10 CEO departures in at least one group; counts only
 window  treated_events  control_events
     30               8               4
     90              18              20
    180              21              56

====================================================================================================
I — TEST LEDGER and Benjamini-Hochberg within families (CV3 p-values)
====================================================================================================
Hypothesis tests in the new Essay 3 code: 31 (sensitivities 27, primary H6 3, placebo 1). Descriptive/corroborating, not counted: logit AMEs (3), F2 distribution, F5/F6 counts, leave-one-out.
    family                               test      p  p_wcr   p_bh
primary H6              F1 exec departure 30d 0.9061 0.8889 0.9061
primary H6              F1 exec departure 90d 0.6053 0.5136 0.9061
primary H6             F1 exec departure 180d 0.8159 0.7901 0.9061
   placebo F4 pre-notification exec departure 0.3116 0.2308 0.3116
Sensitivity family: min raw CV3 p 0.1132; min BH-adjusted 0.9864

Baseline constants_essay3_v4.json WRITTEN (later runs assert against it)
