
====================================================================================================
G6 — T-Mobile executive departures within 180 days of NOTIFICATION (v2; one per person, earliest disclosure)
====================================================================================================
  2009-09-03 (notified 2009-09-03; sample 0): none
  2009-10-05 (notified 2009-10-05; sample 0): none
  2009-10-08 (notified 2009-10-08; sample 0): none
  2011-10-21 (notified 2011-10-21; sample 0): none
  2012-05-08 (notified 2012-05-08; sample 0): none
  2012-08-28 (notified 2012-08-28; sample 0): none
  2013-11-01 (notified 2013-12-31; sample 0): none
  2013-11-26 (notified 2013-12-30; sample 0): none
  2014-01-02 (notified 2014-01-02; sample 1): none
  2015-09-14 (notified 2015-10-01; sample 1): +141.0d 2016-02-19 Gary A. King | pre-announced N | flags termination,severance_release | 0001193125-16-470124 (T-Mobile US)
      "(b) and (e) Changes to Executive Management Team and Modifications to Compensatory Arrangements On February 16, 2016, T-Mobile US, Inc. (the “Company”) and Gary A. King, Executive Vice President and Chief Information Officer, agreed that Mr. King will terminate his employment with the Company effect"
      affiliation: Gary A. King: not a Deutsche Telekom/SoftBank designee in the parsed rosters (2021, 2022 nominee tables; rosters list directors only)
  2015-10-01 (notified 2015-10-01; sample 1): +141.0d 2016-02-19 Gary A. King | pre-announced N | flags termination,severance_release | 0001193125-16-470124 (T-Mobile US)
      "(b) and (e) Changes to Executive Management Team and Modifications to Compensatory Arrangements On February 16, 2016, T-Mobile US, Inc. (the “Company”) and Gary A. King, Executive Vice President and Chief Information Officer, agreed that Mr. King will terminate his employment with the Company effect"
      affiliation: Gary A. King: not a Deutsche Telekom/SoftBank designee in the parsed rosters (2021, 2022 nominee tables; rosters list directors only)
  2015-11-04 (notified 2015-11-04; sample 1): +107.0d 2016-02-19 Gary A. King | pre-announced N | flags termination,severance_release | 0001193125-16-470124 (T-Mobile US)
      "(b) and (e) Changes to Executive Management Team and Modifications to Compensatory Arrangements On February 16, 2016, T-Mobile US, Inc. (the “Company”) and Gary A. King, Executive Vice President and Chief Information Officer, agreed that Mr. King will terminate his employment with the Company effect"
      affiliation: Gary A. King: not a Deutsche Telekom/SoftBank designee in the parsed rosters (2021, 2022 nominee tables; rosters list directors only)
  2017-04-01 (notified 2017-06-09; sample 1): none
  2017-08-24 (notified 2017-09-14; sample 1): none
  2017-09-16 (notified 2017-10-02; sample 1): none
  2018-08-20 (notified 2018-08-23; sample 1): none
  2019-11-26 (notified 2020-03-02; sample 1): none
  2020-04-02 (notified 2020-04-02; sample 1): none
  2020-04-15 (notified 2020-04-15; sample 1): none
  2020-08-27 (notified 2020-12-08; sample 1): none
  2020-08-31 (notified 2020-10-09; sample 1): none
  2021-01-18 (notified 2021-02-09; sample 1): none
  2021-02-12 (notified 2021-03-16; sample 1): none
  2021-02-20 (notified 2021-03-31; sample 1): +169.0d 2021-09-16 David A. Miller | pre-announced N | flags retirement | 0001193125-21-275230 (T-Mobile US)
      "On September 10, 2021, David A. Miller, Executive Vice President, General Counsel and Secretary of T-Mobile US, Inc. (the “Company”) notified the Company that he will retire from the Company effective April 1, 2022."
      affiliation: David A. Miller: not a Deutsche Telekom/SoftBank designee in the parsed rosters (2021, 2022 nominee tables; rosters list directors only)
  2021-03-01 (notified 2021-08-16; sample 1): +31.0d 2021-09-16 David A. Miller | pre-announced N | flags retirement | 0001193125-21-275230 (T-Mobile US)
      "On September 10, 2021, David A. Miller, Executive Vice President, General Counsel and Secretary of T-Mobile US, Inc. (the “Company”) notified the Company that he will retire from the Company effective April 1, 2022."
      affiliation: David A. Miller: not a Deutsche Telekom/SoftBank designee in the parsed rosters (2021, 2022 nominee tables; rosters list directors only)
  2021-03-31 (notified 2021-03-31; sample 1): +169.0d 2021-09-16 David A. Miller | pre-announced N | flags retirement | 0001193125-21-275230 (T-Mobile US)
      "On September 10, 2021, David A. Miller, Executive Vice President, General Counsel and Secretary of T-Mobile US, Inc. (the “Company”) notified the Company that he will retire from the Company effective April 1, 2022."
      affiliation: David A. Miller: not a Deutsche Telekom/SoftBank designee in the parsed rosters (2021, 2022 nominee tables; rosters list directors only)
  2021-08-13 (notified 2021-08-16; sample 1): +31.0d 2021-09-16 David A. Miller | pre-announced N | flags retirement | 0001193125-21-275230 (T-Mobile US)
      "On September 10, 2021, David A. Miller, Executive Vice President, General Counsel and Secretary of T-Mobile US, Inc. (the “Company”) notified the Company that he will retire from the Company effective April 1, 2022."
      affiliation: David A. Miller: not a Deutsche Telekom/SoftBank designee in the parsed rosters (2021, 2022 nominee tables; rosters list directors only)
  2021-08-17 (notified 2021-08-19; sample 1): +28.0d 2021-09-16 David A. Miller | pre-announced N | flags retirement | 0001193125-21-275230 (T-Mobile US)
      "On September 10, 2021, David A. Miller, Executive Vice President, General Counsel and Secretary of T-Mobile US, Inc. (the “Company”) notified the Company that he will retire from the Company effective April 1, 2022."
      affiliation: David A. Miller: not a Deutsche Telekom/SoftBank designee in the parsed rosters (2021, 2022 nominee tables; rosters list directors only)
  2021-08-26 (notified 2021-08-26; sample 1): +21.0d 2021-09-16 David A. Miller | pre-announced N | flags retirement | 0001193125-21-275230 (T-Mobile US)
      "On September 10, 2021, David A. Miller, Executive Vice President, General Counsel and Secretary of T-Mobile US, Inc. (the “Company”) notified the Company that he will retire from the Company effective April 1, 2022."
      affiliation: David A. Miller: not a Deutsche Telekom/SoftBank designee in the parsed rosters (2021, 2022 nominee tables; rosters list directors only)
  2022-03-08 (notified 2022-03-08; sample 1): none
  2022-11-25 (notified 2023-01-19; sample 1): +25.0d 2023-02-13 Neville Ray | pre-announced N | flags retirement,health,severance_release | 0001193125-23-035719 (T-Mobile US)
      "The Company and Mr. Ray have agreed that Mr. Ray’s retirement date will be on or about October 1, 2023."
      affiliation: Neville Ray: not a Deutsche Telekom/SoftBank designee in the parsed rosters (2021, 2022 nominee tables; rosters list directors only)
  2023-02-01 (notified 2023-04-28; sample 1): +133.0d 2023-09-08 Peter Ewens | pre-announced N | flags retirement,health,severance_release | 0001193125-23-231377 (T-Mobile US)
      "On September 6, 2023, T-Mobile US, Inc. (the “Company”) entered into a letter agreement (the “Ewens Letter Agreement”) with Peter Ewens, the Company’s Executive Vice President, Corporate Strategy & Development, setting forth certain benefits Mr. Ewens will be entitled to receive from the Company upo"
      affiliation: Peter Ewens: not a Deutsche Telekom/SoftBank designee in the parsed rosters (2021, 2022 nominee tables; rosters list directors only)
  2023-02-24 (notified 2023-04-28; sample 1): +133.0d 2023-09-08 Peter Ewens | pre-announced N | flags retirement,health,severance_release | 0001193125-23-231377 (T-Mobile US)
      "On September 6, 2023, T-Mobile US, Inc. (the “Company”) entered into a letter agreement (the “Ewens Letter Agreement”) with Peter Ewens, the Company’s Executive Vice President, Corporate Strategy & Development, setting forth certain benefits Mr. Ewens will be entitled to receive from the Company upo"
      affiliation: Peter Ewens: not a Deutsche Telekom/SoftBank designee in the parsed rosters (2021, 2022 nominee tables; rosters list directors only)
  2023-04-28 (notified 2023-04-28; sample 1): +133.0d 2023-09-08 Peter Ewens | pre-announced N | flags retirement,health,severance_release | 0001193125-23-231377 (T-Mobile US)
      "On September 6, 2023, T-Mobile US, Inc. (the “Company”) entered into a letter agreement (the “Ewens Letter Agreement”) with Peter Ewens, the Company’s Executive Vice President, Corporate Strategy & Development, setting forth certain benefits Mr. Ewens will be entitled to receive from the Company upo"
      affiliation: Peter Ewens: not a Deutsche Telekom/SoftBank designee in the parsed rosters (2021, 2022 nominee tables; rosters list directors only)

Event-departure pairs within 180d of notification: 13; distinct departures (person x first filing): 4; pairs flagged pre-announced Y 0, retirement 10, transaction 0; carrying ANY of pre-announced/retirement/transaction 10 of 13
Distinct departures carrying ANY of pre-announced/retirement/transaction: 3 of 4
Restatement-dated additions (filings in the window re-mentioning a departure first disclosed earlier): 11
  2019-11-26: +10d 2020-03-12 0001193125-20-071678 David Carey
  2019-11-26: +30d 2020-04-01 0001193125-20-093622 John J. Legere
  2019-11-26: +45d 2020-04-16 0001193125-20-109354 David Carey
  2019-11-26: +53d 2020-04-24 0001193125-20-119230 John Legere
  2019-11-26: +107d 2020-06-17 0001140361-20-014081 Braxton Carter
  2020-04-02: +14d 2020-04-16 0001193125-20-109354 David Carey
  2020-04-02: +22d 2020-04-24 0001193125-20-119230 John Legere
  2020-04-02: +76d 2020-06-17 0001140361-20-014081 Braxton Carter
  2020-04-15: +1d 2020-04-16 0001193125-20-109354 David Carey
  2020-04-15: +9d 2020-04-24 0001193125-20-119230 John Legere
  2020-04-15: +63d 2020-06-17 0001140361-20-014081 Braxton Carter

====================================================================================================
EX-99 excerpts (King 2016-02-19; Legere-to-Sievert 2020-04-01)
====================================================================================================
  King (0001193125-16-470124): no EX-99 in index — no EX-99 excerpt exists
  Legere-to-Sievert (0001193125-20-093622, 0001193125-20-093622_d886127dex991.htm):
    "EX-99.1
6
d886127dex991.htm
EX-99.1
Exhibit 99.1
T-Mobile Completes Merger with Sprint to Create the New
T-Mobile
Supercharged Un-carrier positioned to
deliver unparalleled network reliability, value, innovation and commitment to customers now, when it’s more important than ever
CEO transition occurs with close of merger; John Legere hands off CEO role to Mike Sievert
Bellevue, Washington and Overland Park, Kansas — "
    "The company also announced that with close of the merger, it has successfully completed its long-planned
Chief Executive Officer transition from John Legere to Mike Sievert ahead of schedule."
    "Effective immediately, Sievert will assume the role of CEO of T-Mobile."
    "Legere, who served as CEO of T-Mobile since 2012, built a culture around listening to employees, putting the customer first and shaking up the market with signature Un-carrier moves."

====================================================================================================
2019-11-26 event: CEO succession timing
====================================================================================================
Filing 0001193125-19-294093 filed 2019-11-18 (public announcement of the succession). Sentence naming the agreement: "Sievert’s appointment as CEO, on and effective as of November 15, 2019, T-Mobile entered into an employment agreement (the “Sievert Employment Agreement”) with Mr."
Sievert employment agreement date: 2019-11-15 (from the 2020-04-01 filing text: dated November 15, 2019)
  Sievert employment agreement 2019-11-15: -108 days vs reported_date 2020-03-02; -11 days vs breach_date 2019-11-26
  public announcement (8-K filed) 2019-11-18: -105 days vs reported_date 2020-03-02; -8 days vs breach_date 2019-11-26

====================================================================================================
TIMELINE (tmobile_timeline.csv)
====================================================================================================
173 dated rows; by type:
type
breach occurrence (PRC)                                            34
public notification (PRC reported_date)                            34
10-K/10-Q: charge/settlement/recovery (10-Q)                       25
director departure (v2, first disclosure)                          16
proxy: first committee cyber/privacy mention                       15
proxy: controlled-company status                                   14
exec departure (v2, first disclosure)                              11
10-K/10-Q: charge/settlement/recovery (10-K)                       10
proxy CD&A: pay metric adjusted for the August 2021 cyberattack     5
incident 8-K (7.01/8.01)                                            5
10-K Item 1C: named security role and oversight                     3
exec departure (v2, first disclosure) [CEO]                         1
