====================================================================================================
F1 SE DIAGNOSTICS (NEW, scripts/204) — N=405; treated 109; parent CIKs 119; T-Mobile events in sample 26
====================================================================================================

30d: coef +0.0032 | SE: HC3 0.0257, CV1 0.0251, CV3 0.0340, WCR (no SE; CI [-0.0571, +0.0583], implied SE 0.0291) | G* 24.5
     outcome mean 0.0420, variance 0.0403 | CV3/HC3 1.321 | MDE80 0.0960
     T-Mobile deleted (N 379, G 118): coef -0.0176, CV3 SE 0.0348, MDE80 0.0984 | T-Mobile's share of the CV3 jackknife variance 0.3731
     base rates (notification anchor): treated 4/109 = 0.0367; control 13/296 = 0.0439
     30d leave-one-cluster-out range [-0.0176, +0.0194] (full +0.0032); sign flips 4/119: 101830 Sprint Nextel (treated, 12 events, b_-g -0.0034); 908937 Sirius XM Radio Inc. (control, 15 events, b_-g -0.0022); 1108524 Salesforce.com (control, 1 events, b_-g -0.0003); 1283699 T-Mobile USA, Inc. (treated, 26 events, b_-g -0.0176)
     30d top five contributors to the CV3 jackknife variance: 1283699 T-Mobile USA, Inc. (treated, 26 events, b_-g -0.0176, share 0.373); 1136893 Fidelity National Information Services, Inc. (control, 12 events, b_-g +0.0194, share 0.225); 1889539 Corebridge Financial, Inc. (control, 1 events, b_-g +0.0179, share 0.184); 732717 AT&T (treated, 26 events, b_-g +0.0101, share 0.040); 101830 Sprint Nextel (treated, 12 events, b_-g -0.0034, share 0.038)

90d: coef -0.0390 | SE: HC3 0.0434, CV1 0.0504, CV3 0.0799, WCR (no SE; CI [-0.1588, +0.0844], implied SE 0.0614) | G* 24.5
     outcome mean 0.1333, variance 0.1158 | CV3/HC3 1.839 | MDE80 0.2256
     T-Mobile deleted (N 379, G 118): coef -0.0670, CV3 SE 0.0872, MDE80 0.2463 | T-Mobile's share of the CV3 jackknife variance 0.1240
     base rates (notification anchor): treated 11/109 = 0.1009; control 43/296 = 0.1453
     90d leave-one-cluster-out range [-0.0670, +0.0230] (full -0.0390); sign flips 1/119: 1136893 Fidelity National Information Services, Inc. (control, 12 events, b_-g +0.0230)
     90d top five contributors to the CV3 jackknife variance: 1136893 Fidelity National Information Services, Inc. (control, 12 events, b_-g +0.0230, share 0.593); 1283699 T-Mobile USA, Inc. (treated, 26 events, b_-g -0.0670, share 0.124); 732717 AT&T (treated, 26 events, b_-g -0.0193, share 0.059); 908937 Sirius XM Radio Inc. (control, 15 events, b_-g -0.0552, share 0.042); 1889539 Corebridge Financial, Inc. (control, 1 events, b_-g -0.0262, share 0.025)

180d: coef +0.0227 | SE: HC3 0.0608, CV1 0.0785, CV3 0.1001, WCR (no SE; CI [-0.1589, +0.2009], implied SE 0.0908) | G* 24.5
     outcome mean 0.2617, variance 0.1937 | CV3/HC3 1.646 | MDE80 0.2829
     T-Mobile deleted (N 379, G 118): coef -0.0363, CV3 SE 0.0948, MDE80 0.2679 | T-Mobile's share of the CV3 jackknife variance 0.3452
     base rates (notification anchor): treated 33/109 = 0.3028; control 73/296 = 0.2466
     180d leave-one-cluster-out range [-0.0363, +0.0622] (full +0.0227); sign flips 1/119: 1283699 T-Mobile USA, Inc. (treated, 26 events, b_-g -0.0363)
     180d top five contributors to the CV3 jackknife variance: 1283699 T-Mobile USA, Inc. (treated, 26 events, b_-g -0.0363, share 0.345); 1166691 Comcast (treated, 12 events, b_-g +0.0622, share 0.154); 1136893 Fidelity National Information Services, Inc. (control, 12 events, b_-g +0.0545, share 0.100); 732717 AT&T (treated, 26 events, b_-g +0.0536, share 0.094); 908937 Sirius XM Radio Inc. (control, 15 events, b_-g +0.0019, share 0.043)

Recomputed HC3/CV1/CV3 SEs and coefficients equal committed f1_ladder.csv at all three windows: PASS
