Every miss (reference Y, classifier N), both rounds:
 round             classifier         field  sheet_id                                      company     cik filing_date  treated                                                                                                                                                                                                                                            reference_person restates_prior_disclosure
     1           v1 (d39bc6d)          exec         2                      Frontier Communications   20520  2022-06-24        1                                                                                                                                                                                                         Donald W. Daniels, SVP and Chief Accounting Officer                         N
     1           v1 (d39bc6d)          exec        32 Fidelity National Information Services, Inc. 1136893  2023-08-22        0                                                                                                                                                                                                                                           Erik D. Hoag, CFO                         N
     1           v1 (d39bc6d)          exec        37                                 T-Mobile USA 1283699  2020-04-16        1                                                                                                                                                                                                                         David Carey, EVP Corporate Services                         Y
     1           v1 (d39bc6d)          exec        39                                 T-Mobile USA 1283699  2020-02-19        1                                                                                                                                                                                                                         David Carey, EVP Corporate Services                         N
     1           v1 (d39bc6d)          exec        53                                 T-Mobile USA 1283699  2020-04-24        1                                                                                                                                                                                                     John Legere, director (resigned from Board); former CEO                         Y
     1           v1 (d39bc6d)          exec        66                        Microsoft Corporation  789019  2021-05-20        0                                                                                                                                                                                  Jean-Philippe Courtois, EVP (ceases to be an executive officer 2021-06-30)                         N
     1           v1 (d39bc6d)           ceo        31                           T-Mobile USA, Inc. 1283699  2013-05-02        1 Roger D. Linquist, Mark A. Stachiw, Dennis T. Currier, Christine B. Kornegay, Malcolm M. Lorang (resigned as executive officers); J. Braxton Carter (resigned as CAO, remained CFO); Arthur C. Patterson, John F. Callahan Jr., C. Kevin Landry (directors)                         N
     1           v1 (d39bc6d)           ceo        53                                 T-Mobile USA 1283699  2020-04-24        1                                                                                                                                                                                                     John Legere, director (resigned from Board); former CEO                         Y
     1           v1 (d39bc6d) director_only        14                                       PACCAR   75362  2018-02-16        0                                                                                                                                                                                                             Luiz Kaufmann, director (retirement 2018-04-29)                         N
     1           v1 (d39bc6d) director_only        62 Fidelity National Information Services, Inc. 1136893  2024-02-01        0                                                                                                                                                                                          Vijay D'Silva and Louise Parent, directors (declining re-election)                         N
     1           v1 (d39bc6d) director_only        76           Hewlett Packard Enterprise Company 1645590  2024-02-08        0                                                                                                                                                                                                                                     Daniel Ammann, director                         N
     1 v2 (6f7be7a) IN-SAMPLE           ceo        31                           T-Mobile USA, Inc. 1283699  2013-05-02        1 Roger D. Linquist, Mark A. Stachiw, Dennis T. Currier, Christine B. Kornegay, Malcolm M. Lorang (resigned as executive officers); J. Braxton Carter (resigned as CAO, remained CFO); Arthur C. Patterson, John F. Callahan Jr., C. Kevin Landry (directors)                         N
     1 v2 (6f7be7a) IN-SAMPLE director_only        53                                 T-Mobile USA 1283699  2020-04-24        1                                                                                                                                                                                                     John Legere, director (resigned from Board); former CEO                         Y
     2           v2 (6f7be7a)          exec        16                                Sprint Nextel  101830  2018-12-06        1                                                                                                                                                                                                                         Kevin Crull, Chief Strategy Officer                         N
     2           v2 (6f7be7a)          exec        22                 Charter Communications, Inc. 1091667  2023-08-21        1                                                                                                                                                                David G. Ellen, Senior Executive Vice President (through 2023-11-30, then Executive Advisor)                         N

Recall by treatment status:
 round             classifier         field   group  reference_positives  classifier_hits  misses  recall    recall_ci95  filings_in_group
     1           v1 (d39bc6d)          exec treated                   12                8       4  0.6667 [0.349, 0.901]                36
     1           v1 (d39bc6d)          exec control                   17               15       2  0.8824 [0.636, 0.985]                44
     1           v1 (d39bc6d)           ceo treated                    3                1       2  0.3333 [0.008, 0.906]                36
     1           v1 (d39bc6d)           ceo control                    3                3       0  1.0000 [0.292, 1.000]                44
     1           v1 (d39bc6d) director_only treated                    6                6       0  1.0000 [0.541, 1.000]                36
     1           v1 (d39bc6d) director_only control                    8                5       3  0.6250 [0.245, 0.915]                44
     1 v2 (6f7be7a) IN-SAMPLE          exec treated                   12               12       0  1.0000 [0.735, 1.000]                36
     1 v2 (6f7be7a) IN-SAMPLE          exec control                   17               17       0  1.0000 [0.805, 1.000]                44
     1 v2 (6f7be7a) IN-SAMPLE           ceo treated                    3                2       1  0.6667 [0.094, 0.992]                36
     1 v2 (6f7be7a) IN-SAMPLE           ceo control                    3                3       0  1.0000 [0.292, 1.000]                44
     1 v2 (6f7be7a) IN-SAMPLE director_only treated                    6                5       1  0.8333 [0.359, 0.996]                36
     1 v2 (6f7be7a) IN-SAMPLE director_only control                    8                8       0  1.0000 [0.631, 1.000]                44
     2           v2 (6f7be7a)          exec treated                    3                1       2  0.3333 [0.008, 0.906]                12
     2           v2 (6f7be7a)          exec control                    2                2       0  1.0000 [0.158, 1.000]                17
     2           v2 (6f7be7a)           ceo treated                    0                0       0     NaN            n/a                12
     2           v2 (6f7be7a)           ceo control                    0                0       0     NaN            n/a                18
     2           v2 (6f7be7a) director_only treated                    5                5       0  1.0000 [0.478, 1.000]                12
     2           v2 (6f7be7a) director_only control                    4                4       0  1.0000 [0.398, 1.000]                18
